// Jest Snapshot v1, https://goo.gl/fbAQLP

exports[`FilterDropdown Matches the snapshot 1`] = `
<div
  className="sc-AxjAm eetlnD txStatus-wrapper"
>
  <p
    className="txStatus-type"
  >
    in
  </p>
  <div
    className="sc-AxirZ hYyDVv tx-status-content"
  >
    <p
      className="txStatus-amount"
    >
      0.00
    </p>
    <p
      className="txStatus-asset"
    />
    
  </div>
</div>
`;
